================================================================
== Design Size Report
================================================================

* Total Instructions per Compilation Phase
+---------------+-----------------------------+--------------+----------------------------------------------------------------------------------------+
| Phase         | Step                        | Instructions | Description                                                                            |
+---------------+-----------------------------+--------------+----------------------------------------------------------------------------------------+
| Compile/Link  |                             |  2,738       | After all functions are compiled and linked into a single design                       |
|               |                             |              |                                                                                        |
| Unroll/Inline |                             |              | After user unroll and inline pragmas are applied                                       |
|               | (1) unroll                  | 39,020       | user unroll pragmas are applied                                                        |
|               | (2) simplification          | 14,834       | simplification of applied user unroll pragmas                                          |
|               | (3) inline                  | 13,583       | user inline pragmas are applied                                                        |
|               | (4) simplification          | 13,323       | simplification of applied user inline pragmas                                          |
|               |                             |              |                                                                                        |
| Array/Struct  |                             |              | After user array partition and struct aggregate/disaggregate pragmas are applied       |
|               | (1) array partition         | 13,543       | user array partition pragmas are applied                                               |
|               | (2) simplification          | 11,874       | simplification of applied user array partition & struct aggregate/disaggregate pragmas |
|               | (3) aggregate/disaggregate  | 11,874       | user struct aggregate/disaggregate pragmas are applied                                 |
|               | (4) array reshape           | 16,518       | apply array reshape pragmas                                                            |
|               | (5) access patterns         | 12,396       | array access pattern optmizations                                                      |
|               |                             |              |                                                                                        |
| Performance   |                             |              | After transformations are applied to meet performance pragma targets                   |
|               | (1) loop simplification     | 11,490       | loop and instruction simplification                                                    |
|               | (2) parallelization         | 11,490       | loops are unrolled or pipelined to meet performance targets                            |
|               | (3) array partition         | 11,490       | arrays are partitioned to meet performance targets                                     |
|               | (4) simplification          | 11,490       | simplification of design after performance transformations                             |
|               |                             |              |                                                                                        |
| HW Transforms |                             |              | After hardware transfomations                                                          |
|               | (1) lowering                | 11,501       | initial conversion to HW specific instructions                                         |
|               | (2) optimizations           | 11,251       | high level synthesis optimizations                                                     |
+---------------+-----------------------------+--------------+----------------------------------------------------------------------------------------+

* Instructions per Function for each Compilation Phase
+---------------------------------------+--------------------------+--------------+-------------------+-------------------+-------------------+-------------------+
| Function                              | Location                 | Compile/Link | Unroll/Inline     | Array/Struct      | Performance       | HW Transforms     |
+---------------------------------------+--------------------------+--------------+-------------------+-------------------+-------------------+-------------------+
| + myproject                           | myproject.cpp:7          | 2,738        | 13,323            | 12,396            | 11,490            | 11,251            |
|  + dense<ap_fixed<16, 6, AP_TRN...    | nnet_dense.h:41          | 1,245        |                   |                   |                   |                   |
|   + dense                             | nnet_dense.h:61          | 1,243        |                   |                   |                   |                   |
|    + dense_resource_rf_leq_nin<ap...  | nnet_dense_resource.h:13 | 1,241        |                   |                   |                   |                   |
|       product                         | pot_mult.h:16            |  813         |                   |                   |                   |                   |
|       cast<ap_fixed<16, 6, AP_TRN,... | nnet_mult.h:110          |    3         |                   |                   |                   |                   |
|    relu<ap_fixed<43, 23, AP_TRN...    | nnet_activation.h:39     |  240         | 1,407             | 1,153             | 1,153             | 1,154             |
|  + dense<ap_fixed<16, 6, AP_TRN...    | nnet_dense.h:41          | 1,217        |                   |                   |                   |                   |
|   + dense                             | nnet_dense.h:72          | 1,215        |                   |                   |                   |                   |
|    + dense_resource_rf_gt_nin_rem...  | nnet_dense_resource.h:87 | 1,213        |                   |                   |                   |                   |
|       product                         | pot_mult.h:16            |  813         |                   |                   |                   |                   |
|       cast<ap_fixed<16, 6, AP_TRN,... | nnet_mult.h:110          |    3         |                   |                   |                   |                   |
|  + dense_resource_rf_leq_nin<ap...    | nnet_dense_resource.h:13 |              | 11,733            | 10,508            | 9,740             | 9,488             |
|     cast<ap_fixed<16, 6, AP_TRN,...   | nnet_mult.h:110          |              |   384 (128 calls) |   384 (128 calls) |   256 (128 calls) |   256 (128 calls) |
|    dense_resource_rf_gt_nin_rem...    | nnet_dense_resource.h:87 |              |   145             |   446             |   308             |   318             |
+---------------------------------------+--------------------------+--------------+-------------------+-------------------+-------------------+-------------------+

* Design Size Message Settings
+---------------------------------------------+--------+------------------------------------------------------------------+
| Message Setting                             | Value  | Description                                                      |
+---------------------------------------------+--------+------------------------------------------------------------------+
| config_compile -design_size_maximum_warning | 100000 | Show a warning when total design instructions exceeds this value |
+---------------------------------------------+--------+------------------------------------------------------------------+


