

================================================================
== Vitis HLS Report for 'relu_ap_fixed_43_23_5_3_0_ap_fixed_16_6_5_3_0_relu_config4_s'
================================================================
* Date:           Sun Sep  6 12:18:02 2026

* Version:        2023.2 (Build 4023990 on Oct 11 2023)
* Project:        myproject_prj
* Solution:       solution1 (Vivado IP Flow Target)
* Product family: virtexuplus
* Target device:  xcu250-figd2104-2L-e


================================================================
== Performance Estimates
================================================================
+ Timing: 
    * Summary: 
    +--------+---------+----------+------------+
    |  Clock |  Target | Estimated| Uncertainty|
    +--------+---------+----------+------------+
    |ap_clk  |  5.00 ns|  2.634 ns|     1.35 ns|
    +--------+---------+----------+------------+

+ Latency: 
    * Summary: 
    +---------+---------+----------+----------+-----+-----+---------+
    |  Latency (cycles) |  Latency (absolute) |  Interval | Pipeline|
    |   min   |   max   |    min   |    max   | min | max |   Type  |
    +---------+---------+----------+----------+-----+-----+---------+
    |        0|        0|      0 ns|      0 ns|    1|    1|      yes|
    +---------+---------+----------+----------+-----+-----+---------+

    + Detail: 
        * Instance: 
        N/A

        * Loop: 
        N/A



================================================================
== Utilization Estimates
================================================================
* Summary: 
+---------------------+---------+-------+---------+---------+------+
|         Name        | BRAM_18K|  DSP  |    FF   |   LUT   | URAM |
+---------------------+---------+-------+---------+---------+------+
|DSP                  |        -|      -|        -|        -|     -|
|Expression           |        -|      -|        0|     8450|     -|
|FIFO                 |        -|      -|        -|        -|     -|
|Instance             |        -|      -|        -|        -|     -|
|Memory               |        -|      -|        -|        -|     -|
|Multiplexer          |        -|      -|        -|     1161|     -|
|Register             |        -|      -|     2050|        -|     -|
+---------------------+---------+-------+---------+---------+------+
|Total                |        0|      0|     2050|     9611|     0|
+---------------------+---------+-------+---------+---------+------+
|Available SLR        |     1344|   3072|   864000|   432000|   320|
+---------------------+---------+-------+---------+---------+------+
|Utilization SLR (%)  |        0|      0|       ~0|        2|     0|
+---------------------+---------+-------+---------+---------+------+
|Available            |     5376|  12288|  3456000|  1728000|  1280|
+---------------------+---------+-------+---------+---------+------+
|Utilization (%)      |        0|      0|       ~0|       ~0|     0|
+---------------------+---------+-------+---------+---------+------+

+ Detail: 
    * Instance: 
    N/A

    * DSP: 
    N/A

    * Memory: 
    N/A

    * FIFO: 
    N/A

    * Expression: 
    +----------------------------+----------+----+---+----+------------+------------+
    |        Variable Name       | Operation| DSP| FF| LUT| Bitwidth P0| Bitwidth P1|
    +----------------------------+----------+----+---+----+------------+------------+
    |icmp_ln45_100_fu_3446_p2    |      icmp|   0|  0|  50|          43|           1|
    |icmp_ln45_101_fu_3470_p2    |      icmp|   0|  0|  50|          43|           1|
    |icmp_ln45_102_fu_3494_p2    |      icmp|   0|  0|  50|          43|           1|
    |icmp_ln45_103_fu_3518_p2    |      icmp|   0|  0|  50|          43|           1|
    |icmp_ln45_104_fu_3542_p2    |      icmp|   0|  0|  50|          43|           1|
    |icmp_ln45_105_fu_3566_p2    |      icmp|   0|  0|  50|          43|           1|
    |icmp_ln45_106_fu_3590_p2    |      icmp|   0|  0|  50|          43|           1|
    |icmp_ln45_107_fu_3614_p2    |      icmp|   0|  0|  50|          43|           1|
    |icmp_ln45_108_fu_3638_p2    |      icmp|   0|  0|  50|          43|           1|
    |icmp_ln45_109_fu_3662_p2    |      icmp|   0|  0|  50|          43|           1|
    |icmp_ln45_10_fu_1286_p2     |      icmp|   0|  0|  50|          43|           1|
    |icmp_ln45_110_fu_3686_p2    |      icmp|   0|  0|  50|          43|           1|
    |icmp_ln45_111_fu_3710_p2    |      icmp|   0|  0|  50|          43|           1|
    |icmp_ln45_112_fu_3734_p2    |      icmp|   0|  0|  50|          43|           1|
    |icmp_ln45_113_fu_3758_p2    |      icmp|   0|  0|  50|          43|           1|
    |icmp_ln45_114_fu_3782_p2    |      icmp|   0|  0|  50|          43|           1|
    |icmp_ln45_115_fu_3806_p2    |      icmp|   0|  0|  50|          43|           1|
    |icmp_ln45_116_fu_3830_p2    |      icmp|   0|  0|  50|          43|           1|
    |icmp_ln45_117_fu_3854_p2    |      icmp|   0|  0|  50|          43|           1|
    |icmp_ln45_118_fu_3878_p2    |      icmp|   0|  0|  50|          43|           1|
    |icmp_ln45_119_fu_3902_p2    |      icmp|   0|  0|  50|          43|           1|
    |icmp_ln45_11_fu_1310_p2     |      icmp|   0|  0|  50|          43|           1|
    |icmp_ln45_120_fu_3926_p2    |      icmp|   0|  0|  50|          43|           1|
    |icmp_ln45_121_fu_3950_p2    |      icmp|   0|  0|  50|          43|           1|
    |icmp_ln45_122_fu_3974_p2    |      icmp|   0|  0|  50|          43|           1|
    |icmp_ln45_123_fu_3998_p2    |      icmp|   0|  0|  50|          43|           1|
    |icmp_ln45_124_fu_4022_p2    |      icmp|   0|  0|  50|          43|           1|
    |icmp_ln45_125_fu_4046_p2    |      icmp|   0|  0|  50|          43|           1|
    |icmp_ln45_126_fu_4070_p2    |      icmp|   0|  0|  50|          43|           1|
    |icmp_ln45_127_fu_4094_p2    |      icmp|   0|  0|  50|          43|           1|
    |icmp_ln45_12_fu_1334_p2     |      icmp|   0|  0|  50|          43|           1|
    |icmp_ln45_13_fu_1358_p2     |      icmp|   0|  0|  50|          43|           1|
    |icmp_ln45_14_fu_1382_p2     |      icmp|   0|  0|  50|          43|           1|
    |icmp_ln45_15_fu_1406_p2     |      icmp|   0|  0|  50|          43|           1|
    |icmp_ln45_16_fu_1430_p2     |      icmp|   0|  0|  50|          43|           1|
    |icmp_ln45_17_fu_1454_p2     |      icmp|   0|  0|  50|          43|           1|
    |icmp_ln45_18_fu_1478_p2     |      icmp|   0|  0|  50|          43|           1|
    |icmp_ln45_19_fu_1502_p2     |      icmp|   0|  0|  50|          43|           1|
    |icmp_ln45_1_fu_1070_p2      |      icmp|   0|  0|  50|          43|           1|
    |icmp_ln45_20_fu_1526_p2     |      icmp|   0|  0|  50|          43|           1|
    |icmp_ln45_21_fu_1550_p2     |      icmp|   0|  0|  50|          43|           1|
    |icmp_ln45_22_fu_1574_p2     |      icmp|   0|  0|  50|          43|           1|
    |icmp_ln45_23_fu_1598_p2     |      icmp|   0|  0|  50|          43|           1|
    |icmp_ln45_24_fu_1622_p2     |      icmp|   0|  0|  50|          43|           1|
    |icmp_ln45_25_fu_1646_p2     |      icmp|   0|  0|  50|          43|           1|
    |icmp_ln45_26_fu_1670_p2     |      icmp|   0|  0|  50|          43|           1|
    |icmp_ln45_27_fu_1694_p2     |      icmp|   0|  0|  50|          43|           1|
    |icmp_ln45_28_fu_1718_p2     |      icmp|   0|  0|  50|          43|           1|
    |icmp_ln45_29_fu_1742_p2     |      icmp|   0|  0|  50|          43|           1|
    |icmp_ln45_2_fu_1094_p2      |      icmp|   0|  0|  50|          43|           1|
    |icmp_ln45_30_fu_1766_p2     |      icmp|   0|  0|  50|          43|           1|
    |icmp_ln45_31_fu_1790_p2     |      icmp|   0|  0|  50|          43|           1|
    |icmp_ln45_32_fu_1814_p2     |      icmp|   0|  0|  50|          43|           1|
    |icmp_ln45_33_fu_1838_p2     |      icmp|   0|  0|  50|          43|           1|
    |icmp_ln45_34_fu_1862_p2     |      icmp|   0|  0|  50|          43|           1|
    |icmp_ln45_35_fu_1886_p2     |      icmp|   0|  0|  50|          43|           1|
    |icmp_ln45_36_fu_1910_p2     |      icmp|   0|  0|  50|          43|           1|
    |icmp_ln45_37_fu_1934_p2     |      icmp|   0|  0|  50|          43|           1|
    |icmp_ln45_38_fu_1958_p2     |      icmp|   0|  0|  50|          43|           1|
    |icmp_ln45_39_fu_1982_p2     |      icmp|   0|  0|  50|          43|           1|
    |icmp_ln45_3_fu_1118_p2      |      icmp|   0|  0|  50|          43|           1|
    |icmp_ln45_40_fu_2006_p2     |      icmp|   0|  0|  50|          43|           1|
    |icmp_ln45_41_fu_2030_p2     |      icmp|   0|  0|  50|          43|           1|
    |icmp_ln45_42_fu_2054_p2     |      icmp|   0|  0|  50|          43|           1|
    |icmp_ln45_43_fu_2078_p2     |      icmp|   0|  0|  50|          43|           1|
    |icmp_ln45_44_fu_2102_p2     |      icmp|   0|  0|  50|          43|           1|
    |icmp_ln45_45_fu_2126_p2     |      icmp|   0|  0|  50|          43|           1|
    |icmp_ln45_46_fu_2150_p2     |      icmp|   0|  0|  50|          43|           1|
    |icmp_ln45_47_fu_2174_p2     |      icmp|   0|  0|  50|          43|           1|
    |icmp_ln45_48_fu_2198_p2     |      icmp|   0|  0|  50|          43|           1|
    |icmp_ln45_49_fu_2222_p2     |      icmp|   0|  0|  50|          43|           1|
    |icmp_ln45_4_fu_1142_p2      |      icmp|   0|  0|  50|          43|           1|
    |icmp_ln45_50_fu_2246_p2     |      icmp|   0|  0|  50|          43|           1|
    |icmp_ln45_51_fu_2270_p2     |      icmp|   0|  0|  50|          43|           1|
    |icmp_ln45_52_fu_2294_p2     |      icmp|   0|  0|  50|          43|           1|
    |icmp_ln45_53_fu_2318_p2     |      icmp|   0|  0|  50|          43|           1|
    |icmp_ln45_54_fu_2342_p2     |      icmp|   0|  0|  50|          43|           1|
    |icmp_ln45_55_fu_2366_p2     |      icmp|   0|  0|  50|          43|           1|
    |icmp_ln45_56_fu_2390_p2     |      icmp|   0|  0|  50|          43|           1|
    |icmp_ln45_57_fu_2414_p2     |      icmp|   0|  0|  50|          43|           1|
    |icmp_ln45_58_fu_2438_p2     |      icmp|   0|  0|  50|          43|           1|
    |icmp_ln45_59_fu_2462_p2     |      icmp|   0|  0|  50|          43|           1|
    |icmp_ln45_5_fu_1166_p2      |      icmp|   0|  0|  50|          43|           1|
    |icmp_ln45_60_fu_2486_p2     |      icmp|   0|  0|  50|          43|           1|
    |icmp_ln45_61_fu_2510_p2     |      icmp|   0|  0|  50|          43|           1|
    |icmp_ln45_62_fu_2534_p2     |      icmp|   0|  0|  50|          43|           1|
    |icmp_ln45_63_fu_2558_p2     |      icmp|   0|  0|  50|          43|           1|
    |icmp_ln45_64_fu_2582_p2     |      icmp|   0|  0|  50|          43|           1|
    |icmp_ln45_65_fu_2606_p2     |      icmp|   0|  0|  50|          43|           1|
    |icmp_ln45_66_fu_2630_p2     |      icmp|   0|  0|  50|          43|           1|
    |icmp_ln45_67_fu_2654_p2     |      icmp|   0|  0|  50|          43|           1|
    |icmp_ln45_68_fu_2678_p2     |      icmp|   0|  0|  50|          43|           1|
    |icmp_ln45_69_fu_2702_p2     |      icmp|   0|  0|  50|          43|           1|
    |icmp_ln45_6_fu_1190_p2      |      icmp|   0|  0|  50|          43|           1|
    |icmp_ln45_70_fu_2726_p2     |      icmp|   0|  0|  50|          43|           1|
    |icmp_ln45_71_fu_2750_p2     |      icmp|   0|  0|  50|          43|           1|
    |icmp_ln45_72_fu_2774_p2     |      icmp|   0|  0|  50|          43|           1|
    |icmp_ln45_73_fu_2798_p2     |      icmp|   0|  0|  50|          43|           1|
    |icmp_ln45_74_fu_2822_p2     |      icmp|   0|  0|  50|          43|           1|
    |icmp_ln45_75_fu_2846_p2     |      icmp|   0|  0|  50|          43|           1|
    |icmp_ln45_76_fu_2870_p2     |      icmp|   0|  0|  50|          43|           1|
    |icmp_ln45_77_fu_2894_p2     |      icmp|   0|  0|  50|          43|           1|
    |icmp_ln45_78_fu_2918_p2     |      icmp|   0|  0|  50|          43|           1|
    |icmp_ln45_79_fu_2942_p2     |      icmp|   0|  0|  50|          43|           1|
    |icmp_ln45_7_fu_1214_p2      |      icmp|   0|  0|  50|          43|           1|
    |icmp_ln45_80_fu_2966_p2     |      icmp|   0|  0|  50|          43|           1|
    |icmp_ln45_81_fu_2990_p2     |      icmp|   0|  0|  50|          43|           1|
    |icmp_ln45_82_fu_3014_p2     |      icmp|   0|  0|  50|          43|           1|
    |icmp_ln45_83_fu_3038_p2     |      icmp|   0|  0|  50|          43|           1|
    |icmp_ln45_84_fu_3062_p2     |      icmp|   0|  0|  50|          43|           1|
    |icmp_ln45_85_fu_3086_p2     |      icmp|   0|  0|  50|          43|           1|
    |icmp_ln45_86_fu_3110_p2     |      icmp|   0|  0|  50|          43|           1|
    |icmp_ln45_87_fu_3134_p2     |      icmp|   0|  0|  50|          43|           1|
    |icmp_ln45_88_fu_3158_p2     |      icmp|   0|  0|  50|          43|           1|
    |icmp_ln45_89_fu_3182_p2     |      icmp|   0|  0|  50|          43|           1|
    |icmp_ln45_8_fu_1238_p2      |      icmp|   0|  0|  50|          43|           1|
    |icmp_ln45_90_fu_3206_p2     |      icmp|   0|  0|  50|          43|           1|
    |icmp_ln45_91_fu_3230_p2     |      icmp|   0|  0|  50|          43|           1|
    |icmp_ln45_92_fu_3254_p2     |      icmp|   0|  0|  50|          43|           1|
    |icmp_ln45_93_fu_3278_p2     |      icmp|   0|  0|  50|          43|           1|
    |icmp_ln45_94_fu_3302_p2     |      icmp|   0|  0|  50|          43|           1|
    |icmp_ln45_95_fu_3326_p2     |      icmp|   0|  0|  50|          43|           1|
    |icmp_ln45_96_fu_3350_p2     |      icmp|   0|  0|  50|          43|           1|
    |icmp_ln45_97_fu_3374_p2     |      icmp|   0|  0|  50|          43|           1|
    |icmp_ln45_98_fu_3398_p2     |      icmp|   0|  0|  50|          43|           1|
    |icmp_ln45_99_fu_3422_p2     |      icmp|   0|  0|  50|          43|           1|
    |icmp_ln45_9_fu_1262_p2      |      icmp|   0|  0|  50|          43|           1|
    |icmp_ln45_fu_1046_p2        |      icmp|   0|  0|  50|          43|           1|
    |ap_block_state1             |        or|   0|  0|   2|           1|           1|
    |select_ln45_100_fu_3462_p3  |    select|   0|  0|  16|           1|          16|
    |select_ln45_101_fu_3486_p3  |    select|   0|  0|  16|           1|          16|
    |select_ln45_102_fu_3510_p3  |    select|   0|  0|  16|           1|          16|
    |select_ln45_103_fu_3534_p3  |    select|   0|  0|  16|           1|          16|
    |select_ln45_104_fu_3558_p3  |    select|   0|  0|  16|           1|          16|
    |select_ln45_105_fu_3582_p3  |    select|   0|  0|  16|           1|          16|
    |select_ln45_106_fu_3606_p3  |    select|   0|  0|  16|           1|          16|
    |select_ln45_107_fu_3630_p3  |    select|   0|  0|  16|           1|          16|
    |select_ln45_108_fu_3654_p3  |    select|   0|  0|  16|           1|          16|
    |select_ln45_109_fu_3678_p3  |    select|   0|  0|  16|           1|          16|
    |select_ln45_10_fu_1302_p3   |    select|   0|  0|  16|           1|          16|
    |select_ln45_110_fu_3702_p3  |    select|   0|  0|  16|           1|          16|
    |select_ln45_111_fu_3726_p3  |    select|   0|  0|  16|           1|          16|
    |select_ln45_112_fu_3750_p3  |    select|   0|  0|  16|           1|          16|
    |select_ln45_113_fu_3774_p3  |    select|   0|  0|  16|           1|          16|
    |select_ln45_114_fu_3798_p3  |    select|   0|  0|  16|           1|          16|
    |select_ln45_115_fu_3822_p3  |    select|   0|  0|  16|           1|          16|
    |select_ln45_116_fu_3846_p3  |    select|   0|  0|  16|           1|          16|
    |select_ln45_117_fu_3870_p3  |    select|   0|  0|  16|           1|          16|
    |select_ln45_118_fu_3894_p3  |    select|   0|  0|  16|           1|          16|
    |select_ln45_119_fu_3918_p3  |    select|   0|  0|  16|           1|          16|
    |select_ln45_11_fu_1326_p3   |    select|   0|  0|  16|           1|          16|
    |select_ln45_120_fu_3942_p3  |    select|   0|  0|  16|           1|          16|
    |select_ln45_121_fu_3966_p3  |    select|   0|  0|  16|           1|          16|
    |select_ln45_122_fu_3990_p3  |    select|   0|  0|  16|           1|          16|
    |select_ln45_123_fu_4014_p3  |    select|   0|  0|  16|           1|          16|
    |select_ln45_124_fu_4038_p3  |    select|   0|  0|  16|           1|          16|
    |select_ln45_125_fu_4062_p3  |    select|   0|  0|  16|           1|          16|
    |select_ln45_126_fu_4086_p3  |    select|   0|  0|  16|           1|          16|
    |select_ln45_127_fu_4110_p3  |    select|   0|  0|  16|           1|          16|
    |select_ln45_12_fu_1350_p3   |    select|   0|  0|  16|           1|          16|
    |select_ln45_13_fu_1374_p3   |    select|   0|  0|  16|           1|          16|
    |select_ln45_14_fu_1398_p3   |    select|   0|  0|  16|           1|          16|
    |select_ln45_15_fu_1422_p3   |    select|   0|  0|  16|           1|          16|
    |select_ln45_16_fu_1446_p3   |    select|   0|  0|  16|           1|          16|
    |select_ln45_17_fu_1470_p3   |    select|   0|  0|  16|           1|          16|
    |select_ln45_18_fu_1494_p3   |    select|   0|  0|  16|           1|          16|
    |select_ln45_19_fu_1518_p3   |    select|   0|  0|  16|           1|          16|
    |select_ln45_1_fu_1086_p3    |    select|   0|  0|  16|           1|          16|
    |select_ln45_20_fu_1542_p3   |    select|   0|  0|  16|           1|          16|
    |select_ln45_21_fu_1566_p3   |    select|   0|  0|  16|           1|          16|
    |select_ln45_22_fu_1590_p3   |    select|   0|  0|  16|           1|          16|
    |select_ln45_23_fu_1614_p3   |    select|   0|  0|  16|           1|          16|
    |select_ln45_24_fu_1638_p3   |    select|   0|  0|  16|           1|          16|
    |select_ln45_25_fu_1662_p3   |    select|   0|  0|  16|           1|          16|
    |select_ln45_26_fu_1686_p3   |    select|   0|  0|  16|           1|          16|
    |select_ln45_27_fu_1710_p3   |    select|   0|  0|  16|           1|          16|
    |select_ln45_28_fu_1734_p3   |    select|   0|  0|  16|           1|          16|
    |select_ln45_29_fu_1758_p3   |    select|   0|  0|  16|           1|          16|
    |select_ln45_2_fu_1110_p3    |    select|   0|  0|  16|           1|          16|
    |select_ln45_30_fu_1782_p3   |    select|   0|  0|  16|           1|          16|
    |select_ln45_31_fu_1806_p3   |    select|   0|  0|  16|           1|          16|
    |select_ln45_32_fu_1830_p3   |    select|   0|  0|  16|           1|          16|
    |select_ln45_33_fu_1854_p3   |    select|   0|  0|  16|           1|          16|
    |select_ln45_34_fu_1878_p3   |    select|   0|  0|  16|           1|          16|
    |select_ln45_35_fu_1902_p3   |    select|   0|  0|  16|           1|          16|
    |select_ln45_36_fu_1926_p3   |    select|   0|  0|  16|           1|          16|
    |select_ln45_37_fu_1950_p3   |    select|   0|  0|  16|           1|          16|
    |select_ln45_38_fu_1974_p3   |    select|   0|  0|  16|           1|          16|
    |select_ln45_39_fu_1998_p3   |    select|   0|  0|  16|           1|          16|
    |select_ln45_3_fu_1134_p3    |    select|   0|  0|  16|           1|          16|
    |select_ln45_40_fu_2022_p3   |    select|   0|  0|  16|           1|          16|
    |select_ln45_41_fu_2046_p3   |    select|   0|  0|  16|           1|          16|
    |select_ln45_42_fu_2070_p3   |    select|   0|  0|  16|           1|          16|
    |select_ln45_43_fu_2094_p3   |    select|   0|  0|  16|           1|          16|
    |select_ln45_44_fu_2118_p3   |    select|   0|  0|  16|           1|          16|
    |select_ln45_45_fu_2142_p3   |    select|   0|  0|  16|           1|          16|
    |select_ln45_46_fu_2166_p3   |    select|   0|  0|  16|           1|          16|
    |select_ln45_47_fu_2190_p3   |    select|   0|  0|  16|           1|          16|
    |select_ln45_48_fu_2214_p3   |    select|   0|  0|  16|           1|          16|
    |select_ln45_49_fu_2238_p3   |    select|   0|  0|  16|           1|          16|
    |select_ln45_4_fu_1158_p3    |    select|   0|  0|  16|           1|          16|
    |select_ln45_50_fu_2262_p3   |    select|   0|  0|  16|           1|          16|
    |select_ln45_51_fu_2286_p3   |    select|   0|  0|  16|           1|          16|
    |select_ln45_52_fu_2310_p3   |    select|   0|  0|  16|           1|          16|
    |select_ln45_53_fu_2334_p3   |    select|   0|  0|  16|           1|          16|
    |select_ln45_54_fu_2358_p3   |    select|   0|  0|  16|           1|          16|
    |select_ln45_55_fu_2382_p3   |    select|   0|  0|  16|           1|          16|
    |select_ln45_56_fu_2406_p3   |    select|   0|  0|  16|           1|          16|
    |select_ln45_57_fu_2430_p3   |    select|   0|  0|  16|           1|          16|
    |select_ln45_58_fu_2454_p3   |    select|   0|  0|  16|           1|          16|
    |select_ln45_59_fu_2478_p3   |    select|   0|  0|  16|           1|          16|
    |select_ln45_5_fu_1182_p3    |    select|   0|  0|  16|           1|          16|
    |select_ln45_60_fu_2502_p3   |    select|   0|  0|  16|           1|          16|
    |select_ln45_61_fu_2526_p3   |    select|   0|  0|  16|           1|          16|
    |select_ln45_62_fu_2550_p3   |    select|   0|  0|  16|           1|          16|
    |select_ln45_63_fu_2574_p3   |    select|   0|  0|  16|           1|          16|
    |select_ln45_64_fu_2598_p3   |    select|   0|  0|  16|           1|          16|
    |select_ln45_65_fu_2622_p3   |    select|   0|  0|  16|           1|          16|
    |select_ln45_66_fu_2646_p3   |    select|   0|  0|  16|           1|          16|
    |select_ln45_67_fu_2670_p3   |    select|   0|  0|  16|           1|          16|
    |select_ln45_68_fu_2694_p3   |    select|   0|  0|  16|           1|          16|
    |select_ln45_69_fu_2718_p3   |    select|   0|  0|  16|           1|          16|
    |select_ln45_6_fu_1206_p3    |    select|   0|  0|  16|           1|          16|
    |select_ln45_70_fu_2742_p3   |    select|   0|  0|  16|           1|          16|
    |select_ln45_71_fu_2766_p3   |    select|   0|  0|  16|           1|          16|
    |select_ln45_72_fu_2790_p3   |    select|   0|  0|  16|           1|          16|
    |select_ln45_73_fu_2814_p3   |    select|   0|  0|  16|           1|          16|
    |select_ln45_74_fu_2838_p3   |    select|   0|  0|  16|           1|          16|
    |select_ln45_75_fu_2862_p3   |    select|   0|  0|  16|           1|          16|
    |select_ln45_76_fu_2886_p3   |    select|   0|  0|  16|           1|          16|
    |select_ln45_77_fu_2910_p3   |    select|   0|  0|  16|           1|          16|
    |select_ln45_78_fu_2934_p3   |    select|   0|  0|  16|           1|          16|
    |select_ln45_79_fu_2958_p3   |    select|   0|  0|  16|           1|          16|
    |select_ln45_7_fu_1230_p3    |    select|   0|  0|  16|           1|          16|
    |select_ln45_80_fu_2982_p3   |    select|   0|  0|  16|           1|          16|
    |select_ln45_81_fu_3006_p3   |    select|   0|  0|  16|           1|          16|
    |select_ln45_82_fu_3030_p3   |    select|   0|  0|  16|           1|          16|
    |select_ln45_83_fu_3054_p3   |    select|   0|  0|  16|           1|          16|
    |select_ln45_84_fu_3078_p3   |    select|   0|  0|  16|           1|          16|
    |select_ln45_85_fu_3102_p3   |    select|   0|  0|  16|           1|          16|
    |select_ln45_86_fu_3126_p3   |    select|   0|  0|  16|           1|          16|
    |select_ln45_87_fu_3150_p3   |    select|   0|  0|  16|           1|          16|
    |select_ln45_88_fu_3174_p3   |    select|   0|  0|  16|           1|          16|
    |select_ln45_89_fu_3198_p3   |    select|   0|  0|  16|           1|          16|
    |select_ln45_8_fu_1254_p3    |    select|   0|  0|  16|           1|          16|
    |select_ln45_90_fu_3222_p3   |    select|   0|  0|  16|           1|          16|
    |select_ln45_91_fu_3246_p3   |    select|   0|  0|  16|           1|          16|
    |select_ln45_92_fu_3270_p3   |    select|   0|  0|  16|           1|          16|
    |select_ln45_93_fu_3294_p3   |    select|   0|  0|  16|           1|          16|
    |select_ln45_94_fu_3318_p3   |    select|   0|  0|  16|           1|          16|
    |select_ln45_95_fu_3342_p3   |    select|   0|  0|  16|           1|          16|
    |select_ln45_96_fu_3366_p3   |    select|   0|  0|  16|           1|          16|
    |select_ln45_97_fu_3390_p3   |    select|   0|  0|  16|           1|          16|
    |select_ln45_98_fu_3414_p3   |    select|   0|  0|  16|           1|          16|
    |select_ln45_99_fu_3438_p3   |    select|   0|  0|  16|           1|          16|
    |select_ln45_9_fu_1278_p3    |    select|   0|  0|  16|           1|          16|
    |select_ln45_fu_1062_p3      |    select|   0|  0|  16|           1|          16|
    +----------------------------+----------+----+---+----+------------+------------+
    |Total                       |          |   0|  0|8450|        5633|        2177|
    +----------------------------+----------+----+---+----+------------+------------+

    * Multiplexer: 
    +---------------+----+-----------+-----+-----------+
    |      Name     | LUT| Input Size| Bits| Total Bits|
    +---------------+----+-----------+-----+-----------+
    |ap_done        |   9|          2|    1|          2|
    |ap_return_0    |   9|          2|   16|         32|
    |ap_return_1    |   9|          2|   16|         32|
    |ap_return_10   |   9|          2|   16|         32|
    |ap_return_100  |   9|          2|   16|         32|
    |ap_return_101  |   9|          2|   16|         32|
    |ap_return_102  |   9|          2|   16|         32|
    |ap_return_103  |   9|          2|   16|         32|
    |ap_return_104  |   9|          2|   16|         32|
    |ap_return_105  |   9|          2|   16|         32|
    |ap_return_106  |   9|          2|   16|         32|
    |ap_return_107  |   9|          2|   16|         32|
    |ap_return_108  |   9|          2|   16|         32|
    |ap_return_109  |   9|          2|   16|         32|
    |ap_return_11   |   9|          2|   16|         32|
    |ap_return_110  |   9|          2|   16|         32|
    |ap_return_111  |   9|          2|   16|         32|
    |ap_return_112  |   9|          2|   16|         32|
    |ap_return_113  |   9|          2|   16|         32|
    |ap_return_114  |   9|          2|   16|         32|
    |ap_return_115  |   9|          2|   16|         32|
    |ap_return_116  |   9|          2|   16|         32|
    |ap_return_117  |   9|          2|   16|         32|
    |ap_return_118  |   9|          2|   16|         32|
    |ap_return_119  |   9|          2|   16|         32|
    |ap_return_12   |   9|          2|   16|         32|
    |ap_return_120  |   9|          2|   16|         32|
    |ap_return_121  |   9|          2|   16|         32|
    |ap_return_122  |   9|          2|   16|         32|
    |ap_return_123  |   9|          2|   16|         32|
    |ap_return_124  |   9|          2|   16|         32|
    |ap_return_125  |   9|          2|   16|         32|
    |ap_return_126  |   9|          2|   16|         32|
    |ap_return_127  |   9|          2|   16|         32|
    |ap_return_13   |   9|          2|   16|         32|
    |ap_return_14   |   9|          2|   16|         32|
    |ap_return_15   |   9|          2|   16|         32|
    |ap_return_16   |   9|          2|   16|         32|
    |ap_return_17   |   9|          2|   16|         32|
    |ap_return_18   |   9|          2|   16|         32|
    |ap_return_19   |   9|          2|   16|         32|
    |ap_return_2    |   9|          2|   16|         32|
    |ap_return_20   |   9|          2|   16|         32|
    |ap_return_21   |   9|          2|   16|         32|
    |ap_return_22   |   9|          2|   16|         32|
    |ap_return_23   |   9|          2|   16|         32|
    |ap_return_24   |   9|          2|   16|         32|
    |ap_return_25   |   9|          2|   16|         32|
    |ap_return_26   |   9|          2|   16|         32|
    |ap_return_27   |   9|          2|   16|         32|
    |ap_return_28   |   9|          2|   16|         32|
    |ap_return_29   |   9|          2|   16|         32|
    |ap_return_3    |   9|          2|   16|         32|
    |ap_return_30   |   9|          2|   16|         32|
    |ap_return_31   |   9|          2|   16|         32|
    |ap_return_32   |   9|          2|   16|         32|
    |ap_return_33   |   9|          2|   16|         32|
    |ap_return_34   |   9|          2|   16|         32|
    |ap_return_35   |   9|          2|   16|         32|
    |ap_return_36   |   9|          2|   16|         32|
    |ap_return_37   |   9|          2|   16|         32|
    |ap_return_38   |   9|          2|   16|         32|
    |ap_return_39   |   9|          2|   16|         32|
    |ap_return_4    |   9|          2|   16|         32|
    |ap_return_40   |   9|          2|   16|         32|
    |ap_return_41   |   9|          2|   16|         32|
    |ap_return_42   |   9|          2|   16|         32|
    |ap_return_43   |   9|          2|   16|         32|
    |ap_return_44   |   9|          2|   16|         32|
    |ap_return_45   |   9|          2|   16|         32|
    |ap_return_46   |   9|          2|   16|         32|
    |ap_return_47   |   9|          2|   16|         32|
    |ap_return_48   |   9|          2|   16|         32|
    |ap_return_49   |   9|          2|   16|         32|
    |ap_return_5    |   9|          2|   16|         32|
    |ap_return_50   |   9|          2|   16|         32|
    |ap_return_51   |   9|          2|   16|         32|
    |ap_return_52   |   9|          2|   16|         32|
    |ap_return_53   |   9|          2|   16|         32|
    |ap_return_54   |   9|          2|   16|         32|
    |ap_return_55   |   9|          2|   16|         32|
    |ap_return_56   |   9|          2|   16|         32|
    |ap_return_57   |   9|          2|   16|         32|
    |ap_return_58   |   9|          2|   16|         32|
    |ap_return_59   |   9|          2|   16|         32|
    |ap_return_6    |   9|          2|   16|         32|
    |ap_return_60   |   9|          2|   16|         32|
    |ap_return_61   |   9|          2|   16|         32|
    |ap_return_62   |   9|          2|   16|         32|
    |ap_return_63   |   9|          2|   16|         32|
    |ap_return_64   |   9|          2|   16|         32|
    |ap_return_65   |   9|          2|   16|         32|
    |ap_return_66   |   9|          2|   16|         32|
    |ap_return_67   |   9|          2|   16|         32|
    |ap_return_68   |   9|          2|   16|         32|
    |ap_return_69   |   9|          2|   16|         32|
    |ap_return_7    |   9|          2|   16|         32|
    |ap_return_70   |   9|          2|   16|         32|
    |ap_return_71   |   9|          2|   16|         32|
    |ap_return_72   |   9|          2|   16|         32|
    |ap_return_73   |   9|          2|   16|         32|
    |ap_return_74   |   9|          2|   16|         32|
    |ap_return_75   |   9|          2|   16|         32|
    |ap_return_76   |   9|          2|   16|         32|
    |ap_return_77   |   9|          2|   16|         32|
    |ap_return_78   |   9|          2|   16|         32|
    |ap_return_79   |   9|          2|   16|         32|
    |ap_return_8    |   9|          2|   16|         32|
    |ap_return_80   |   9|          2|   16|         32|
    |ap_return_81   |   9|          2|   16|         32|
    |ap_return_82   |   9|          2|   16|         32|
    |ap_return_83   |   9|          2|   16|         32|
    |ap_return_84   |   9|          2|   16|         32|
    |ap_return_85   |   9|          2|   16|         32|
    |ap_return_86   |   9|          2|   16|         32|
    |ap_return_87   |   9|          2|   16|         32|
    |ap_return_88   |   9|          2|   16|         32|
    |ap_return_89   |   9|          2|   16|         32|
    |ap_return_9    |   9|          2|   16|         32|
    |ap_return_90   |   9|          2|   16|         32|
    |ap_return_91   |   9|          2|   16|         32|
    |ap_return_92   |   9|          2|   16|         32|
    |ap_return_93   |   9|          2|   16|         32|
    |ap_return_94   |   9|          2|   16|         32|
    |ap_return_95   |   9|          2|   16|         32|
    |ap_return_96   |   9|          2|   16|         32|
    |ap_return_97   |   9|          2|   16|         32|
    |ap_return_98   |   9|          2|   16|         32|
    |ap_return_99   |   9|          2|   16|         32|
    +---------------+----+-----------+-----+-----------+
    |Total          |1161|        258| 2049|       4098|
    +---------------+----+-----------+-----+-----------+

    * Register: 
    +--------------------+----+----+-----+-----------+
    |        Name        | FF | LUT| Bits| Const Bits|
    +--------------------+----+----+-----+-----------+
    |ap_CS_fsm           |   1|   0|    1|          0|
    |ap_done_reg         |   1|   0|    1|          0|
    |ap_return_0_preg    |  16|   0|   16|          0|
    |ap_return_100_preg  |  16|   0|   16|          0|
    |ap_return_101_preg  |  16|   0|   16|          0|
    |ap_return_102_preg  |  16|   0|   16|          0|
    |ap_return_103_preg  |  16|   0|   16|          0|
    |ap_return_104_preg  |  16|   0|   16|          0|
    |ap_return_105_preg  |  16|   0|   16|          0|
    |ap_return_106_preg  |  16|   0|   16|          0|
    |ap_return_107_preg  |  16|   0|   16|          0|
    |ap_return_108_preg  |  16|   0|   16|          0|
    |ap_return_109_preg  |  16|   0|   16|          0|
    |ap_return_10_preg   |  16|   0|   16|          0|
    |ap_return_110_preg  |  16|   0|   16|          0|
    |ap_return_111_preg  |  16|   0|   16|          0|
    |ap_return_112_preg  |  16|   0|   16|          0|
    |ap_return_113_preg  |  16|   0|   16|          0|
    |ap_return_114_preg  |  16|   0|   16|          0|
    |ap_return_115_preg  |  16|   0|   16|          0|
    |ap_return_116_preg  |  16|   0|   16|          0|
    |ap_return_117_preg  |  16|   0|   16|          0|
    |ap_return_118_preg  |  16|   0|   16|          0|
    |ap_return_119_preg  |  16|   0|   16|          0|
    |ap_return_11_preg   |  16|   0|   16|          0|
    |ap_return_120_preg  |  16|   0|   16|          0|
    |ap_return_121_preg  |  16|   0|   16|          0|
    |ap_return_122_preg  |  16|   0|   16|          0|
    |ap_return_123_preg  |  16|   0|   16|          0|
    |ap_return_124_preg  |  16|   0|   16|          0|
    |ap_return_125_preg  |  16|   0|   16|          0|
    |ap_return_126_preg  |  16|   0|   16|          0|
    |ap_return_127_preg  |  16|   0|   16|          0|
    |ap_return_12_preg   |  16|   0|   16|          0|
    |ap_return_13_preg   |  16|   0|   16|          0|
    |ap_return_14_preg   |  16|   0|   16|          0|
    |ap_return_15_preg   |  16|   0|   16|          0|
    |ap_return_16_preg   |  16|   0|   16|          0|
    |ap_return_17_preg   |  16|   0|   16|          0|
    |ap_return_18_preg   |  16|   0|   16|          0|
    |ap_return_19_preg   |  16|   0|   16|          0|
    |ap_return_1_preg    |  16|   0|   16|          0|
    |ap_return_20_preg   |  16|   0|   16|          0|
    |ap_return_21_preg   |  16|   0|   16|          0|
    |ap_return_22_preg   |  16|   0|   16|          0|
    |ap_return_23_preg   |  16|   0|   16|          0|
    |ap_return_24_preg   |  16|   0|   16|          0|
    |ap_return_25_preg   |  16|   0|   16|          0|
    |ap_return_26_preg   |  16|   0|   16|          0|
    |ap_return_27_preg   |  16|   0|   16|          0|
    |ap_return_28_preg   |  16|   0|   16|          0|
    |ap_return_29_preg   |  16|   0|   16|          0|
    |ap_return_2_preg    |  16|   0|   16|          0|
    |ap_return_30_preg   |  16|   0|   16|          0|
    |ap_return_31_preg   |  16|   0|   16|          0|
    |ap_return_32_preg   |  16|   0|   16|          0|
    |ap_return_33_preg   |  16|   0|   16|          0|
    |ap_return_34_preg   |  16|   0|   16|          0|
    |ap_return_35_preg   |  16|   0|   16|          0|
    |ap_return_36_preg   |  16|   0|   16|          0|
    |ap_return_37_preg   |  16|   0|   16|          0|
    |ap_return_38_preg   |  16|   0|   16|          0|
    |ap_return_39_preg   |  16|   0|   16|          0|
    |ap_return_3_preg    |  16|   0|   16|          0|
    |ap_return_40_preg   |  16|   0|   16|          0|
    |ap_return_41_preg   |  16|   0|   16|          0|
    |ap_return_42_preg   |  16|   0|   16|          0|
    |ap_return_43_preg   |  16|   0|   16|          0|
    |ap_return_44_preg   |  16|   0|   16|          0|
    |ap_return_45_preg   |  16|   0|   16|          0|
    |ap_return_46_preg   |  16|   0|   16|          0|
    |ap_return_47_preg   |  16|   0|   16|          0|
    |ap_return_48_preg   |  16|   0|   16|          0|
    |ap_return_49_preg   |  16|   0|   16|          0|
    |ap_return_4_preg    |  16|   0|   16|          0|
    |ap_return_50_preg   |  16|   0|   16|          0|
    |ap_return_51_preg   |  16|   0|   16|          0|
    |ap_return_52_preg   |  16|   0|   16|          0|
    |ap_return_53_preg   |  16|   0|   16|          0|
    |ap_return_54_preg   |  16|   0|   16|          0|
    |ap_return_55_preg   |  16|   0|   16|          0|
    |ap_return_56_preg   |  16|   0|   16|          0|
    |ap_return_57_preg   |  16|   0|   16|          0|
    |ap_return_58_preg   |  16|   0|   16|          0|
    |ap_return_59_preg   |  16|   0|   16|          0|
    |ap_return_5_preg    |  16|   0|   16|          0|
    |ap_return_60_preg   |  16|   0|   16|          0|
    |ap_return_61_preg   |  16|   0|   16|          0|
    |ap_return_62_preg   |  16|   0|   16|          0|
    |ap_return_63_preg   |  16|   0|   16|          0|
    |ap_return_64_preg   |  16|   0|   16|          0|
    |ap_return_65_preg   |  16|   0|   16|          0|
    |ap_return_66_preg   |  16|   0|   16|          0|
    |ap_return_67_preg   |  16|   0|   16|          0|
    |ap_return_68_preg   |  16|   0|   16|          0|
    |ap_return_69_preg   |  16|   0|   16|          0|
    |ap_return_6_preg    |  16|   0|   16|          0|
    |ap_return_70_preg   |  16|   0|   16|          0|
    |ap_return_71_preg   |  16|   0|   16|          0|
    |ap_return_72_preg   |  16|   0|   16|          0|
    |ap_return_73_preg   |  16|   0|   16|          0|
    |ap_return_74_preg   |  16|   0|   16|          0|
    |ap_return_75_preg   |  16|   0|   16|          0|
    |ap_return_76_preg   |  16|   0|   16|          0|
    |ap_return_77_preg   |  16|   0|   16|          0|
    |ap_return_78_preg   |  16|   0|   16|          0|
    |ap_return_79_preg   |  16|   0|   16|          0|
    |ap_return_7_preg    |  16|   0|   16|          0|
    |ap_return_80_preg   |  16|   0|   16|          0|
    |ap_return_81_preg   |  16|   0|   16|          0|
    |ap_return_82_preg   |  16|   0|   16|          0|
    |ap_return_83_preg   |  16|   0|   16|          0|
    |ap_return_84_preg   |  16|   0|   16|          0|
    |ap_return_85_preg   |  16|   0|   16|          0|
    |ap_return_86_preg   |  16|   0|   16|          0|
    |ap_return_87_preg   |  16|   0|   16|          0|
    |ap_return_88_preg   |  16|   0|   16|          0|
    |ap_return_89_preg   |  16|   0|   16|          0|
    |ap_return_8_preg    |  16|   0|   16|          0|
    |ap_return_90_preg   |  16|   0|   16|          0|
    |ap_return_91_preg   |  16|   0|   16|          0|
    |ap_return_92_preg   |  16|   0|   16|          0|
    |ap_return_93_preg   |  16|   0|   16|          0|
    |ap_return_94_preg   |  16|   0|   16|          0|
    |ap_return_95_preg   |  16|   0|   16|          0|
    |ap_return_96_preg   |  16|   0|   16|          0|
    |ap_return_97_preg   |  16|   0|   16|          0|
    |ap_return_98_preg   |  16|   0|   16|          0|
    |ap_return_99_preg   |  16|   0|   16|          0|
    |ap_return_9_preg    |  16|   0|   16|          0|
    +--------------------+----+----+-----+-----------+
    |Total               |2050|   0| 2050|          0|
    +--------------------+----+----+-----+-----------+



================================================================
== Interface
================================================================
* Summary: 
+---------------+-----+-----+------------+-------------------------------------------------------------------------+--------------+
|   RTL Ports   | Dir | Bits|  Protocol  |                              Source Object                              |    C Type    |
+---------------+-----+-----+------------+-------------------------------------------------------------------------+--------------+
|ap_clk         |   in|    1|  ap_ctrl_hs|  relu<ap_fixed<43, 23, 5, 3, 0>, ap_fixed<16, 6, 5, 3, 0>, relu_config4>|  return value|
|ap_rst         |   in|    1|  ap_ctrl_hs|  relu<ap_fixed<43, 23, 5, 3, 0>, ap_fixed<16, 6, 5, 3, 0>, relu_config4>|  return value|
|ap_start       |   in|    1|  ap_ctrl_hs|  relu<ap_fixed<43, 23, 5, 3, 0>, ap_fixed<16, 6, 5, 3, 0>, relu_config4>|  return value|
|ap_done        |  out|    1|  ap_ctrl_hs|  relu<ap_fixed<43, 23, 5, 3, 0>, ap_fixed<16, 6, 5, 3, 0>, relu_config4>|  return value|
|ap_continue    |   in|    1|  ap_ctrl_hs|  relu<ap_fixed<43, 23, 5, 3, 0>, ap_fixed<16, 6, 5, 3, 0>, relu_config4>|  return value|
|ap_idle        |  out|    1|  ap_ctrl_hs|  relu<ap_fixed<43, 23, 5, 3, 0>, ap_fixed<16, 6, 5, 3, 0>, relu_config4>|  return value|
|ap_ready       |  out|    1|  ap_ctrl_hs|  relu<ap_fixed<43, 23, 5, 3, 0>, ap_fixed<16, 6, 5, 3, 0>, relu_config4>|  return value|
|ap_return_0    |  out|   16|  ap_ctrl_hs|  relu<ap_fixed<43, 23, 5, 3, 0>, ap_fixed<16, 6, 5, 3, 0>, relu_config4>|  return value|
|ap_return_1    |  out|   16|  ap_ctrl_hs|  relu<ap_fixed<43, 23, 5, 3, 0>, ap_fixed<16, 6, 5, 3, 0>, relu_config4>|  return value|
|ap_return_2    |  out|   16|  ap_ctrl_hs|  relu<ap_fixed<43, 23, 5, 3, 0>, ap_fixed<16, 6, 5, 3, 0>, relu_config4>|  return value|
|ap_return_3    |  out|   16|  ap_ctrl_hs|  relu<ap_fixed<43, 23, 5, 3, 0>, ap_fixed<16, 6, 5, 3, 0>, relu_config4>|  return value|
|ap_return_4    |  out|   16|  ap_ctrl_hs|  relu<ap_fixed<43, 23, 5, 3, 0>, ap_fixed<16, 6, 5, 3, 0>, relu_config4>|  return value|
|ap_return_5    |  out|   16|  ap_ctrl_hs|  relu<ap_fixed<43, 23, 5, 3, 0>, ap_fixed<16, 6, 5, 3, 0>, relu_config4>|  return value|
|ap_return_6    |  out|   16|  ap_ctrl_hs|  relu<ap_fixed<43, 23, 5, 3, 0>, ap_fixed<16, 6, 5, 3, 0>, relu_config4>|  return value|
|ap_return_7    |  out|   16|  ap_ctrl_hs|  relu<ap_fixed<43, 23, 5, 3, 0>, ap_fixed<16, 6, 5, 3, 0>, relu_config4>|  return value|
|ap_return_8    |  out|   16|  ap_ctrl_hs|  relu<ap_fixed<43, 23, 5, 3, 0>, ap_fixed<16, 6, 5, 3, 0>, relu_config4>|  return value|
|ap_return_9    |  out|   16|  ap_ctrl_hs|  relu<ap_fixed<43, 23, 5, 3, 0>, ap_fixed<16, 6, 5, 3, 0>, relu_config4>|  return value|
|ap_return_10   |  out|   16|  ap_ctrl_hs|  relu<ap_fixed<43, 23, 5, 3, 0>, ap_fixed<16, 6, 5, 3, 0>, relu_config4>|  return value|
|ap_return_11   |  out|   16|  ap_ctrl_hs|  relu<ap_fixed<43, 23, 5, 3, 0>, ap_fixed<16, 6, 5, 3, 0>, relu_config4>|  return value|
|ap_return_12   |  out|   16|  ap_ctrl_hs|  relu<ap_fixed<43, 23, 5, 3, 0>, ap_fixed<16, 6, 5, 3, 0>, relu_config4>|  return value|
|ap_return_13   |  out|   16|  ap_ctrl_hs|  relu<ap_fixed<43, 23, 5, 3, 0>, ap_fixed<16, 6, 5, 3, 0>, relu_config4>|  return value|
|ap_return_14   |  out|   16|  ap_ctrl_hs|  relu<ap_fixed<43, 23, 5, 3, 0>, ap_fixed<16, 6, 5, 3, 0>, relu_config4>|  return value|
|ap_return_15   |  out|   16|  ap_ctrl_hs|  relu<ap_fixed<43, 23, 5, 3, 0>, ap_fixed<16, 6, 5, 3, 0>, relu_config4>|  return value|
|ap_return_16   |  out|   16|  ap_ctrl_hs|  relu<ap_fixed<43, 23, 5, 3, 0>, ap_fixed<16, 6, 5, 3, 0>, relu_config4>|  return value|
|ap_return_17   |  out|   16|  ap_ctrl_hs|  relu<ap_fixed<43, 23, 5, 3, 0>, ap_fixed<16, 6, 5, 3, 0>, relu_config4>|  return value|
|ap_return_18   |  out|   16|  ap_ctrl_hs|  relu<ap_fixed<43, 23, 5, 3, 0>, ap_fixed<16, 6, 5, 3, 0>, relu_config4>|  return value|
|ap_return_19   |  out|   16|  ap_ctrl_hs|  relu<ap_fixed<43, 23, 5, 3, 0>, ap_fixed<16, 6, 5, 3, 0>, relu_config4>|  return value|
|ap_return_20   |  out|   16|  ap_ctrl_hs|  relu<ap_fixed<43, 23, 5, 3, 0>, ap_fixed<16, 6, 5, 3, 0>, relu_config4>|  return value|
|ap_return_21   |  out|   16|  ap_ctrl_hs|  relu<ap_fixed<43, 23, 5, 3, 0>, ap_fixed<16, 6, 5, 3, 0>, relu_config4>|  return value|
|ap_return_22   |  out|   16|  ap_ctrl_hs|  relu<ap_fixed<43, 23, 5, 3, 0>, ap_fixed<16, 6, 5, 3, 0>, relu_config4>|  return value|
|ap_return_23   |  out|   16|  ap_ctrl_hs|  relu<ap_fixed<43, 23, 5, 3, 0>, ap_fixed<16, 6, 5, 3, 0>, relu_config4>|  return value|
|ap_return_24   |  out|   16|  ap_ctrl_hs|  relu<ap_fixed<43, 23, 5, 3, 0>, ap_fixed<16, 6, 5, 3, 0>, relu_config4>|  return value|
|ap_return_25   |  out|   16|  ap_ctrl_hs|  relu<ap_fixed<43, 23, 5, 3, 0>, ap_fixed<16, 6, 5, 3, 0>, relu_config4>|  return value|
|ap_return_26   |  out|   16|  ap_ctrl_hs|  relu<ap_fixed<43, 23, 5, 3, 0>, ap_fixed<16, 6, 5, 3, 0>, relu_config4>|  return value|
|ap_return_27   |  out|   16|  ap_ctrl_hs|  relu<ap_fixed<43, 23, 5, 3, 0>, ap_fixed<16, 6, 5, 3, 0>, relu_config4>|  return value|
|ap_return_28   |  out|   16|  ap_ctrl_hs|  relu<ap_fixed<43, 23, 5, 3, 0>, ap_fixed<16, 6, 5, 3, 0>, relu_config4>|  return value|
|ap_return_29   |  out|   16|  ap_ctrl_hs|  relu<ap_fixed<43, 23, 5, 3, 0>, ap_fixed<16, 6, 5, 3, 0>, relu_config4>|  return value|
|ap_return_30   |  out|   16|  ap_ctrl_hs|  relu<ap_fixed<43, 23, 5, 3, 0>, ap_fixed<16, 6, 5, 3, 0>, relu_config4>|  return value|
|ap_return_31   |  out|   16|  ap_ctrl_hs|  relu<ap_fixed<43, 23, 5, 3, 0>, ap_fixed<16, 6, 5, 3, 0>, relu_config4>|  return value|
|ap_return_32   |  out|   16|  ap_ctrl_hs|  relu<ap_fixed<43, 23, 5, 3, 0>, ap_fixed<16, 6, 5, 3, 0>, relu_config4>|  return value|
|ap_return_33   |  out|   16|  ap_ctrl_hs|  relu<ap_fixed<43, 23, 5, 3, 0>, ap_fixed<16, 6, 5, 3, 0>, relu_config4>|  return value|
|ap_return_34   |  out|   16|  ap_ctrl_hs|  relu<ap_fixed<43, 23, 5, 3, 0>, ap_fixed<16, 6, 5, 3, 0>, relu_config4>|  return value|
|ap_return_35   |  out|   16|  ap_ctrl_hs|  relu<ap_fixed<43, 23, 5, 3, 0>, ap_fixed<16, 6, 5, 3, 0>, relu_config4>|  return value|
|ap_return_36   |  out|   16|  ap_ctrl_hs|  relu<ap_fixed<43, 23, 5, 3, 0>, ap_fixed<16, 6, 5, 3, 0>, relu_config4>|  return value|
|ap_return_37   |  out|   16|  ap_ctrl_hs|  relu<ap_fixed<43, 23, 5, 3, 0>, ap_fixed<16, 6, 5, 3, 0>, relu_config4>|  return value|
|ap_return_38   |  out|   16|  ap_ctrl_hs|  relu<ap_fixed<43, 23, 5, 3, 0>, ap_fixed<16, 6, 5, 3, 0>, relu_config4>|  return value|
|ap_return_39   |  out|   16|  ap_ctrl_hs|  relu<ap_fixed<43, 23, 5, 3, 0>, ap_fixed<16, 6, 5, 3, 0>, relu_config4>|  return value|
|ap_return_40   |  out|   16|  ap_ctrl_hs|  relu<ap_fixed<43, 23, 5, 3, 0>, ap_fixed<16, 6, 5, 3, 0>, relu_config4>|  return value|
|ap_return_41   |  out|   16|  ap_ctrl_hs|  relu<ap_fixed<43, 23, 5, 3, 0>, ap_fixed<16, 6, 5, 3, 0>, relu_config4>|  return value|
|ap_return_42   |  out|   16|  ap_ctrl_hs|  relu<ap_fixed<43, 23, 5, 3, 0>, ap_fixed<16, 6, 5, 3, 0>, relu_config4>|  return value|
|ap_return_43   |  out|   16|  ap_ctrl_hs|  relu<ap_fixed<43, 23, 5, 3, 0>, ap_fixed<16, 6, 5, 3, 0>, relu_config4>|  return value|
|ap_return_44   |  out|   16|  ap_ctrl_hs|  relu<ap_fixed<43, 23, 5, 3, 0>, ap_fixed<16, 6, 5, 3, 0>, relu_config4>|  return value|
|ap_return_45   |  out|   16|  ap_ctrl_hs|  relu<ap_fixed<43, 23, 5, 3, 0>, ap_fixed<16, 6, 5, 3, 0>, relu_config4>|  return value|
|ap_return_46   |  out|   16|  ap_ctrl_hs|  relu<ap_fixed<43, 23, 5, 3, 0>, ap_fixed<16, 6, 5, 3, 0>, relu_config4>|  return value|
|ap_return_47   |  out|   16|  ap_ctrl_hs|  relu<ap_fixed<43, 23, 5, 3, 0>, ap_fixed<16, 6, 5, 3, 0>, relu_config4>|  return value|
|ap_return_48   |  out|   16|  ap_ctrl_hs|  relu<ap_fixed<43, 23, 5, 3, 0>, ap_fixed<16, 6, 5, 3, 0>, relu_config4>|  return value|
|ap_return_49   |  out|   16|  ap_ctrl_hs|  relu<ap_fixed<43, 23, 5, 3, 0>, ap_fixed<16, 6, 5, 3, 0>, relu_config4>|  return value|
|ap_return_50   |  out|   16|  ap_ctrl_hs|  relu<ap_fixed<43, 23, 5, 3, 0>, ap_fixed<16, 6, 5, 3, 0>, relu_config4>|  return value|
|ap_return_51   |  out|   16|  ap_ctrl_hs|  relu<ap_fixed<43, 23, 5, 3, 0>, ap_fixed<16, 6, 5, 3, 0>, relu_config4>|  return value|
|ap_return_52   |  out|   16|  ap_ctrl_hs|  relu<ap_fixed<43, 23, 5, 3, 0>, ap_fixed<16, 6, 5, 3, 0>, relu_config4>|  return value|
|ap_return_53   |  out|   16|  ap_ctrl_hs|  relu<ap_fixed<43, 23, 5, 3, 0>, ap_fixed<16, 6, 5, 3, 0>, relu_config4>|  return value|
|ap_return_54   |  out|   16|  ap_ctrl_hs|  relu<ap_fixed<43, 23, 5, 3, 0>, ap_fixed<16, 6, 5, 3, 0>, relu_config4>|  return value|
|ap_return_55   |  out|   16|  ap_ctrl_hs|  relu<ap_fixed<43, 23, 5, 3, 0>, ap_fixed<16, 6, 5, 3, 0>, relu_config4>|  return value|
|ap_return_56   |  out|   16|  ap_ctrl_hs|  relu<ap_fixed<43, 23, 5, 3, 0>, ap_fixed<16, 6, 5, 3, 0>, relu_config4>|  return value|
|ap_return_57   |  out|   16|  ap_ctrl_hs|  relu<ap_fixed<43, 23, 5, 3, 0>, ap_fixed<16, 6, 5, 3, 0>, relu_config4>|  return value|
|ap_return_58   |  out|   16|  ap_ctrl_hs|  relu<ap_fixed<43, 23, 5, 3, 0>, ap_fixed<16, 6, 5, 3, 0>, relu_config4>|  return value|
|ap_return_59   |  out|   16|  ap_ctrl_hs|  relu<ap_fixed<43, 23, 5, 3, 0>, ap_fixed<16, 6, 5, 3, 0>, relu_config4>|  return value|
|ap_return_60   |  out|   16|  ap_ctrl_hs|  relu<ap_fixed<43, 23, 5, 3, 0>, ap_fixed<16, 6, 5, 3, 0>, relu_config4>|  return value|
|ap_return_61   |  out|   16|  ap_ctrl_hs|  relu<ap_fixed<43, 23, 5, 3, 0>, ap_fixed<16, 6, 5, 3, 0>, relu_config4>|  return value|
|ap_return_62   |  out|   16|  ap_ctrl_hs|  relu<ap_fixed<43, 23, 5, 3, 0>, ap_fixed<16, 6, 5, 3, 0>, relu_config4>|  return value|
|ap_return_63   |  out|   16|  ap_ctrl_hs|  relu<ap_fixed<43, 23, 5, 3, 0>, ap_fixed<16, 6, 5, 3, 0>, relu_config4>|  return value|
|ap_return_64   |  out|   16|  ap_ctrl_hs|  relu<ap_fixed<43, 23, 5, 3, 0>, ap_fixed<16, 6, 5, 3, 0>, relu_config4>|  return value|
|ap_return_65   |  out|   16|  ap_ctrl_hs|  relu<ap_fixed<43, 23, 5, 3, 0>, ap_fixed<16, 6, 5, 3, 0>, relu_config4>|  return value|
|ap_return_66   |  out|   16|  ap_ctrl_hs|  relu<ap_fixed<43, 23, 5, 3, 0>, ap_fixed<16, 6, 5, 3, 0>, relu_config4>|  return value|
|ap_return_67   |  out|   16|  ap_ctrl_hs|  relu<ap_fixed<43, 23, 5, 3, 0>, ap_fixed<16, 6, 5, 3, 0>, relu_config4>|  return value|
|ap_return_68   |  out|   16|  ap_ctrl_hs|  relu<ap_fixed<43, 23, 5, 3, 0>, ap_fixed<16, 6, 5, 3, 0>, relu_config4>|  return value|
|ap_return_69   |  out|   16|  ap_ctrl_hs|  relu<ap_fixed<43, 23, 5, 3, 0>, ap_fixed<16, 6, 5, 3, 0>, relu_config4>|  return value|
|ap_return_70   |  out|   16|  ap_ctrl_hs|  relu<ap_fixed<43, 23, 5, 3, 0>, ap_fixed<16, 6, 5, 3, 0>, relu_config4>|  return value|
|ap_return_71   |  out|   16|  ap_ctrl_hs|  relu<ap_fixed<43, 23, 5, 3, 0>, ap_fixed<16, 6, 5, 3, 0>, relu_config4>|  return value|
|ap_return_72   |  out|   16|  ap_ctrl_hs|  relu<ap_fixed<43, 23, 5, 3, 0>, ap_fixed<16, 6, 5, 3, 0>, relu_config4>|  return value|
|ap_return_73   |  out|   16|  ap_ctrl_hs|  relu<ap_fixed<43, 23, 5, 3, 0>, ap_fixed<16, 6, 5, 3, 0>, relu_config4>|  return value|
|ap_return_74   |  out|   16|  ap_ctrl_hs|  relu<ap_fixed<43, 23, 5, 3, 0>, ap_fixed<16, 6, 5, 3, 0>, relu_config4>|  return value|
|ap_return_75   |  out|   16|  ap_ctrl_hs|  relu<ap_fixed<43, 23, 5, 3, 0>, ap_fixed<16, 6, 5, 3, 0>, relu_config4>|  return value|
|ap_return_76   |  out|   16|  ap_ctrl_hs|  relu<ap_fixed<43, 23, 5, 3, 0>, ap_fixed<16, 6, 5, 3, 0>, relu_config4>|  return value|
|ap_return_77   |  out|   16|  ap_ctrl_hs|  relu<ap_fixed<43, 23, 5, 3, 0>, ap_fixed<16, 6, 5, 3, 0>, relu_config4>|  return value|
|ap_return_78   |  out|   16|  ap_ctrl_hs|  relu<ap_fixed<43, 23, 5, 3, 0>, ap_fixed<16, 6, 5, 3, 0>, relu_config4>|  return value|
|ap_return_79   |  out|   16|  ap_ctrl_hs|  relu<ap_fixed<43, 23, 5, 3, 0>, ap_fixed<16, 6, 5, 3, 0>, relu_config4>|  return value|
|ap_return_80   |  out|   16|  ap_ctrl_hs|  relu<ap_fixed<43, 23, 5, 3, 0>, ap_fixed<16, 6, 5, 3, 0>, relu_config4>|  return value|
|ap_return_81   |  out|   16|  ap_ctrl_hs|  relu<ap_fixed<43, 23, 5, 3, 0>, ap_fixed<16, 6, 5, 3, 0>, relu_config4>|  return value|
|ap_return_82   |  out|   16|  ap_ctrl_hs|  relu<ap_fixed<43, 23, 5, 3, 0>, ap_fixed<16, 6, 5, 3, 0>, relu_config4>|  return value|
|ap_return_83   |  out|   16|  ap_ctrl_hs|  relu<ap_fixed<43, 23, 5, 3, 0>, ap_fixed<16, 6, 5, 3, 0>, relu_config4>|  return value|
|ap_return_84   |  out|   16|  ap_ctrl_hs|  relu<ap_fixed<43, 23, 5, 3, 0>, ap_fixed<16, 6, 5, 3, 0>, relu_config4>|  return value|
|ap_return_85   |  out|   16|  ap_ctrl_hs|  relu<ap_fixed<43, 23, 5, 3, 0>, ap_fixed<16, 6, 5, 3, 0>, relu_config4>|  return value|
|ap_return_86   |  out|   16|  ap_ctrl_hs|  relu<ap_fixed<43, 23, 5, 3, 0>, ap_fixed<16, 6, 5, 3, 0>, relu_config4>|  return value|
|ap_return_87   |  out|   16|  ap_ctrl_hs|  relu<ap_fixed<43, 23, 5, 3, 0>, ap_fixed<16, 6, 5, 3, 0>, relu_config4>|  return value|
|ap_return_88   |  out|   16|  ap_ctrl_hs|  relu<ap_fixed<43, 23, 5, 3, 0>, ap_fixed<16, 6, 5, 3, 0>, relu_config4>|  return value|
|ap_return_89   |  out|   16|  ap_ctrl_hs|  relu<ap_fixed<43, 23, 5, 3, 0>, ap_fixed<16, 6, 5, 3, 0>, relu_config4>|  return value|
|ap_return_90   |  out|   16|  ap_ctrl_hs|  relu<ap_fixed<43, 23, 5, 3, 0>, ap_fixed<16, 6, 5, 3, 0>, relu_config4>|  return value|
|ap_return_91   |  out|   16|  ap_ctrl_hs|  relu<ap_fixed<43, 23, 5, 3, 0>, ap_fixed<16, 6, 5, 3, 0>, relu_config4>|  return value|
|ap_return_92   |  out|   16|  ap_ctrl_hs|  relu<ap_fixed<43, 23, 5, 3, 0>, ap_fixed<16, 6, 5, 3, 0>, relu_config4>|  return value|
|ap_return_93   |  out|   16|  ap_ctrl_hs|  relu<ap_fixed<43, 23, 5, 3, 0>, ap_fixed<16, 6, 5, 3, 0>, relu_config4>|  return value|
|ap_return_94   |  out|   16|  ap_ctrl_hs|  relu<ap_fixed<43, 23, 5, 3, 0>, ap_fixed<16, 6, 5, 3, 0>, relu_config4>|  return value|
|ap_return_95   |  out|   16|  ap_ctrl_hs|  relu<ap_fixed<43, 23, 5, 3, 0>, ap_fixed<16, 6, 5, 3, 0>, relu_config4>|  return value|
|ap_return_96   |  out|   16|  ap_ctrl_hs|  relu<ap_fixed<43, 23, 5, 3, 0>, ap_fixed<16, 6, 5, 3, 0>, relu_config4>|  return value|
|ap_return_97   |  out|   16|  ap_ctrl_hs|  relu<ap_fixed<43, 23, 5, 3, 0>, ap_fixed<16, 6, 5, 3, 0>, relu_config4>|  return value|
|ap_return_98   |  out|   16|  ap_ctrl_hs|  relu<ap_fixed<43, 23, 5, 3, 0>, ap_fixed<16, 6, 5, 3, 0>, relu_config4>|  return value|
|ap_return_99   |  out|   16|  ap_ctrl_hs|  relu<ap_fixed<43, 23, 5, 3, 0>, ap_fixed<16, 6, 5, 3, 0>, relu_config4>|  return value|
|ap_return_100  |  out|   16|  ap_ctrl_hs|  relu<ap_fixed<43, 23, 5, 3, 0>, ap_fixed<16, 6, 5, 3, 0>, relu_config4>|  return value|
|ap_return_101  |  out|   16|  ap_ctrl_hs|  relu<ap_fixed<43, 23, 5, 3, 0>, ap_fixed<16, 6, 5, 3, 0>, relu_config4>|  return value|
|ap_return_102  |  out|   16|  ap_ctrl_hs|  relu<ap_fixed<43, 23, 5, 3, 0>, ap_fixed<16, 6, 5, 3, 0>, relu_config4>|  return value|
|ap_return_103  |  out|   16|  ap_ctrl_hs|  relu<ap_fixed<43, 23, 5, 3, 0>, ap_fixed<16, 6, 5, 3, 0>, relu_config4>|  return value|
|ap_return_104  |  out|   16|  ap_ctrl_hs|  relu<ap_fixed<43, 23, 5, 3, 0>, ap_fixed<16, 6, 5, 3, 0>, relu_config4>|  return value|
|ap_return_105  |  out|   16|  ap_ctrl_hs|  relu<ap_fixed<43, 23, 5, 3, 0>, ap_fixed<16, 6, 5, 3, 0>, relu_config4>|  return value|
|ap_return_106  |  out|   16|  ap_ctrl_hs|  relu<ap_fixed<43, 23, 5, 3, 0>, ap_fixed<16, 6, 5, 3, 0>, relu_config4>|  return value|
|ap_return_107  |  out|   16|  ap_ctrl_hs|  relu<ap_fixed<43, 23, 5, 3, 0>, ap_fixed<16, 6, 5, 3, 0>, relu_config4>|  return value|
|ap_return_108  |  out|   16|  ap_ctrl_hs|  relu<ap_fixed<43, 23, 5, 3, 0>, ap_fixed<16, 6, 5, 3, 0>, relu_config4>|  return value|
|ap_return_109  |  out|   16|  ap_ctrl_hs|  relu<ap_fixed<43, 23, 5, 3, 0>, ap_fixed<16, 6, 5, 3, 0>, relu_config4>|  return value|
|ap_return_110  |  out|   16|  ap_ctrl_hs|  relu<ap_fixed<43, 23, 5, 3, 0>, ap_fixed<16, 6, 5, 3, 0>, relu_config4>|  return value|
|ap_return_111  |  out|   16|  ap_ctrl_hs|  relu<ap_fixed<43, 23, 5, 3, 0>, ap_fixed<16, 6, 5, 3, 0>, relu_config4>|  return value|
|ap_return_112  |  out|   16|  ap_ctrl_hs|  relu<ap_fixed<43, 23, 5, 3, 0>, ap_fixed<16, 6, 5, 3, 0>, relu_config4>|  return value|
|ap_return_113  |  out|   16|  ap_ctrl_hs|  relu<ap_fixed<43, 23, 5, 3, 0>, ap_fixed<16, 6, 5, 3, 0>, relu_config4>|  return value|
|ap_return_114  |  out|   16|  ap_ctrl_hs|  relu<ap_fixed<43, 23, 5, 3, 0>, ap_fixed<16, 6, 5, 3, 0>, relu_config4>|  return value|
|ap_return_115  |  out|   16|  ap_ctrl_hs|  relu<ap_fixed<43, 23, 5, 3, 0>, ap_fixed<16, 6, 5, 3, 0>, relu_config4>|  return value|
|ap_return_116  |  out|   16|  ap_ctrl_hs|  relu<ap_fixed<43, 23, 5, 3, 0>, ap_fixed<16, 6, 5, 3, 0>, relu_config4>|  return value|
|ap_return_117  |  out|   16|  ap_ctrl_hs|  relu<ap_fixed<43, 23, 5, 3, 0>, ap_fixed<16, 6, 5, 3, 0>, relu_config4>|  return value|
|ap_return_118  |  out|   16|  ap_ctrl_hs|  relu<ap_fixed<43, 23, 5, 3, 0>, ap_fixed<16, 6, 5, 3, 0>, relu_config4>|  return value|
|ap_return_119  |  out|   16|  ap_ctrl_hs|  relu<ap_fixed<43, 23, 5, 3, 0>, ap_fixed<16, 6, 5, 3, 0>, relu_config4>|  return value|
|ap_return_120  |  out|   16|  ap_ctrl_hs|  relu<ap_fixed<43, 23, 5, 3, 0>, ap_fixed<16, 6, 5, 3, 0>, relu_config4>|  return value|
|ap_return_121  |  out|   16|  ap_ctrl_hs|  relu<ap_fixed<43, 23, 5, 3, 0>, ap_fixed<16, 6, 5, 3, 0>, relu_config4>|  return value|
|ap_return_122  |  out|   16|  ap_ctrl_hs|  relu<ap_fixed<43, 23, 5, 3, 0>, ap_fixed<16, 6, 5, 3, 0>, relu_config4>|  return value|
|ap_return_123  |  out|   16|  ap_ctrl_hs|  relu<ap_fixed<43, 23, 5, 3, 0>, ap_fixed<16, 6, 5, 3, 0>, relu_config4>|  return value|
|ap_return_124  |  out|   16|  ap_ctrl_hs|  relu<ap_fixed<43, 23, 5, 3, 0>, ap_fixed<16, 6, 5, 3, 0>, relu_config4>|  return value|
|ap_return_125  |  out|   16|  ap_ctrl_hs|  relu<ap_fixed<43, 23, 5, 3, 0>, ap_fixed<16, 6, 5, 3, 0>, relu_config4>|  return value|
|ap_return_126  |  out|   16|  ap_ctrl_hs|  relu<ap_fixed<43, 23, 5, 3, 0>, ap_fixed<16, 6, 5, 3, 0>, relu_config4>|  return value|
|ap_return_127  |  out|   16|  ap_ctrl_hs|  relu<ap_fixed<43, 23, 5, 3, 0>, ap_fixed<16, 6, 5, 3, 0>, relu_config4>|  return value|
|p_read         |   in|   43|     ap_none|                                                                   p_read|        scalar|
|p_read1        |   in|   43|     ap_none|                                                                  p_read1|        scalar|
|p_read2        |   in|   43|     ap_none|                                                                  p_read2|        scalar|
|p_read3        |   in|   43|     ap_none|                                                                  p_read3|        scalar|
|p_read4        |   in|   43|     ap_none|                                                                  p_read4|        scalar|
|p_read5        |   in|   43|     ap_none|                                                                  p_read5|        scalar|
|p_read6        |   in|   43|     ap_none|                                                                  p_read6|        scalar|
|p_read7        |   in|   43|     ap_none|                                                                  p_read7|        scalar|
|p_read8        |   in|   43|     ap_none|                                                                  p_read8|        scalar|
|p_read9        |   in|   43|     ap_none|                                                                  p_read9|        scalar|
|p_read10       |   in|   43|     ap_none|                                                                 p_read10|        scalar|
|p_read11       |   in|   43|     ap_none|                                                                 p_read11|        scalar|
|p_read12       |   in|   43|     ap_none|                                                                 p_read12|        scalar|
|p_read13       |   in|   43|     ap_none|                                                                 p_read13|        scalar|
|p_read14       |   in|   43|     ap_none|                                                                 p_read14|        scalar|
|p_read15       |   in|   43|     ap_none|                                                                 p_read15|        scalar|
|p_read16       |   in|   43|     ap_none|                                                                 p_read16|        scalar|
|p_read17       |   in|   43|     ap_none|                                                                 p_read17|        scalar|
|p_read18       |   in|   43|     ap_none|                                                                 p_read18|        scalar|
|p_read19       |   in|   43|     ap_none|                                                                 p_read19|        scalar|
|p_read20       |   in|   43|     ap_none|                                                                 p_read20|        scalar|
|p_read21       |   in|   43|     ap_none|                                                                 p_read21|        scalar|
|p_read22       |   in|   43|     ap_none|                                                                 p_read22|        scalar|
|p_read23       |   in|   43|     ap_none|                                                                 p_read23|        scalar|
|p_read24       |   in|   43|     ap_none|                                                                 p_read24|        scalar|
|p_read25       |   in|   43|     ap_none|                                                                 p_read25|        scalar|
|p_read26       |   in|   43|     ap_none|                                                                 p_read26|        scalar|
|p_read27       |   in|   43|     ap_none|                                                                 p_read27|        scalar|
|p_read28       |   in|   43|     ap_none|                                                                 p_read28|        scalar|
|p_read29       |   in|   43|     ap_none|                                                                 p_read29|        scalar|
|p_read30       |   in|   43|     ap_none|                                                                 p_read30|        scalar|
|p_read31       |   in|   43|     ap_none|                                                                 p_read31|        scalar|
|p_read32       |   in|   43|     ap_none|                                                                 p_read32|        scalar|
|p_read33       |   in|   43|     ap_none|                                                                 p_read33|        scalar|
|p_read34       |   in|   43|     ap_none|                                                                 p_read34|        scalar|
|p_read35       |   in|   43|     ap_none|                                                                 p_read35|        scalar|
|p_read36       |   in|   43|     ap_none|                                                                 p_read36|        scalar|
|p_read37       |   in|   43|     ap_none|                                                                 p_read37|        scalar|
|p_read38       |   in|   43|     ap_none|                                                                 p_read38|        scalar|
|p_read39       |   in|   43|     ap_none|                                                                 p_read39|        scalar|
|p_read40       |   in|   43|     ap_none|                                                                 p_read40|        scalar|
|p_read41       |   in|   43|     ap_none|                                                                 p_read41|        scalar|
|p_read42       |   in|   43|     ap_none|                                                                 p_read42|        scalar|
|p_read43       |   in|   43|     ap_none|                                                                 p_read43|        scalar|
|p_read44       |   in|   43|     ap_none|                                                                 p_read44|        scalar|
|p_read45       |   in|   43|     ap_none|                                                                 p_read45|        scalar|
|p_read46       |   in|   43|     ap_none|                                                                 p_read46|        scalar|
|p_read47       |   in|   43|     ap_none|                                                                 p_read47|        scalar|
|p_read48       |   in|   43|     ap_none|                                                                 p_read48|        scalar|
|p_read49       |   in|   43|     ap_none|                                                                 p_read49|        scalar|
|p_read50       |   in|   43|     ap_none|                                                                 p_read50|        scalar|
|p_read51       |   in|   43|     ap_none|                                                                 p_read51|        scalar|
|p_read52       |   in|   43|     ap_none|                                                                 p_read52|        scalar|
|p_read53       |   in|   43|     ap_none|                                                                 p_read53|        scalar|
|p_read54       |   in|   43|     ap_none|                                                                 p_read54|        scalar|
|p_read55       |   in|   43|     ap_none|                                                                 p_read55|        scalar|
|p_read56       |   in|   43|     ap_none|                                                                 p_read56|        scalar|
|p_read57       |   in|   43|     ap_none|                                                                 p_read57|        scalar|
|p_read58       |   in|   43|     ap_none|                                                                 p_read58|        scalar|
|p_read59       |   in|   43|     ap_none|                                                                 p_read59|        scalar|
|p_read60       |   in|   43|     ap_none|                                                                 p_read60|        scalar|
|p_read61       |   in|   43|     ap_none|                                                                 p_read61|        scalar|
|p_read62       |   in|   43|     ap_none|                                                                 p_read62|        scalar|
|p_read63       |   in|   43|     ap_none|                                                                 p_read63|        scalar|
|p_read64       |   in|   43|     ap_none|                                                                 p_read64|        scalar|
|p_read65       |   in|   43|     ap_none|                                                                 p_read65|        scalar|
|p_read66       |   in|   43|     ap_none|                                                                 p_read66|        scalar|
|p_read67       |   in|   43|     ap_none|                                                                 p_read67|        scalar|
|p_read68       |   in|   43|     ap_none|                                                                 p_read68|        scalar|
|p_read69       |   in|   43|     ap_none|                                                                 p_read69|        scalar|
|p_read70       |   in|   43|     ap_none|                                                                 p_read70|        scalar|
|p_read71       |   in|   43|     ap_none|                                                                 p_read71|        scalar|
|p_read72       |   in|   43|     ap_none|                                                                 p_read72|        scalar|
|p_read73       |   in|   43|     ap_none|                                                                 p_read73|        scalar|
|p_read74       |   in|   43|     ap_none|                                                                 p_read74|        scalar|
|p_read75       |   in|   43|     ap_none|                                                                 p_read75|        scalar|
|p_read76       |   in|   43|     ap_none|                                                                 p_read76|        scalar|
|p_read77       |   in|   43|     ap_none|                                                                 p_read77|        scalar|
|p_read78       |   in|   43|     ap_none|                                                                 p_read78|        scalar|
|p_read79       |   in|   43|     ap_none|                                                                 p_read79|        scalar|
|p_read80       |   in|   43|     ap_none|                                                                 p_read80|        scalar|
|p_read81       |   in|   43|     ap_none|                                                                 p_read81|        scalar|
|p_read82       |   in|   43|     ap_none|                                                                 p_read82|        scalar|
|p_read83       |   in|   43|     ap_none|                                                                 p_read83|        scalar|
|p_read84       |   in|   43|     ap_none|                                                                 p_read84|        scalar|
|p_read85       |   in|   43|     ap_none|                                                                 p_read85|        scalar|
|p_read86       |   in|   43|     ap_none|                                                                 p_read86|        scalar|
|p_read87       |   in|   43|     ap_none|                                                                 p_read87|        scalar|
|p_read88       |   in|   43|     ap_none|                                                                 p_read88|        scalar|
|p_read89       |   in|   43|     ap_none|                                                                 p_read89|        scalar|
|p_read90       |   in|   43|     ap_none|                                                                 p_read90|        scalar|
|p_read91       |   in|   43|     ap_none|                                                                 p_read91|        scalar|
|p_read92       |   in|   43|     ap_none|                                                                 p_read92|        scalar|
|p_read93       |   in|   43|     ap_none|                                                                 p_read93|        scalar|
|p_read94       |   in|   43|     ap_none|                                                                 p_read94|        scalar|
|p_read95       |   in|   43|     ap_none|                                                                 p_read95|        scalar|
|p_read96       |   in|   43|     ap_none|                                                                 p_read96|        scalar|
|p_read97       |   in|   43|     ap_none|                                                                 p_read97|        scalar|
|p_read98       |   in|   43|     ap_none|                                                                 p_read98|        scalar|
|p_read99       |   in|   43|     ap_none|                                                                 p_read99|        scalar|
|p_read100      |   in|   43|     ap_none|                                                                p_read100|        scalar|
|p_read101      |   in|   43|     ap_none|                                                                p_read101|        scalar|
|p_read102      |   in|   43|     ap_none|                                                                p_read102|        scalar|
|p_read103      |   in|   43|     ap_none|                                                                p_read103|        scalar|
|p_read104      |   in|   43|     ap_none|                                                                p_read104|        scalar|
|p_read105      |   in|   43|     ap_none|                                                                p_read105|        scalar|
|p_read106      |   in|   43|     ap_none|                                                                p_read106|        scalar|
|p_read107      |   in|   43|     ap_none|                                                                p_read107|        scalar|
|p_read108      |   in|   43|     ap_none|                                                                p_read108|        scalar|
|p_read109      |   in|   43|     ap_none|                                                                p_read109|        scalar|
|p_read110      |   in|   43|     ap_none|                                                                p_read110|        scalar|
|p_read111      |   in|   43|     ap_none|                                                                p_read111|        scalar|
|p_read112      |   in|   43|     ap_none|                                                                p_read112|        scalar|
|p_read113      |   in|   43|     ap_none|                                                                p_read113|        scalar|
|p_read114      |   in|   43|     ap_none|                                                                p_read114|        scalar|
|p_read115      |   in|   43|     ap_none|                                                                p_read115|        scalar|
|p_read116      |   in|   43|     ap_none|                                                                p_read116|        scalar|
|p_read117      |   in|   43|     ap_none|                                                                p_read117|        scalar|
|p_read118      |   in|   43|     ap_none|                                                                p_read118|        scalar|
|p_read119      |   in|   43|     ap_none|                                                                p_read119|        scalar|
|p_read120      |   in|   43|     ap_none|                                                                p_read120|        scalar|
|p_read121      |   in|   43|     ap_none|                                                                p_read121|        scalar|
|p_read122      |   in|   43|     ap_none|                                                                p_read122|        scalar|
|p_read123      |   in|   43|     ap_none|                                                                p_read123|        scalar|
|p_read124      |   in|   43|     ap_none|                                                                p_read124|        scalar|
|p_read125      |   in|   43|     ap_none|                                                                p_read125|        scalar|
|p_read126      |   in|   43|     ap_none|                                                                p_read126|        scalar|
|p_read127      |   in|   43|     ap_none|                                                                p_read127|        scalar|
+---------------+-----+-----+------------+-------------------------------------------------------------------------+--------------+

